apiVersion: apiextensions.k8s.io/v1
kind: CustomResourceDefinition
metadata:
  name: example.kubebuilder.schemapatcher.controller-tools.sigs.k8s.io
spec:
  group: kubebuilder.schemapatcher.controller-tools.sigs.k8s.io
  scope: Cluster
  names:
    kind: ExampleV1
    singular: examplev1
    plural: examplesv1
    listKind: ExampleV1List
  versions:
  - name: v1
    schema:
      openAPIV3Schema:
        description: ExampleV1 is a kind with schema changes intended to be generated
          as a V1 CRD.
        type: object
        required:
        - spec
        properties:
          apiVersion:
            description: 'APIVersion defines the versioned schema of this representation
              of an object. Servers should convert recognized schemas to the latest
              internal value, and may reject unrecognized values. More info: https://git.k8s.io/community/contributors/devel/sig-architecture/api-conventions.md#resources'
            type: string
          kind:
            description: 'Kind is a string value representing the REST resource this
              object represents. Servers may infer this from the endpoint the client
              submits requests to. Cannot be updated. In CamelCase. More info: https://git.k8s.io/community/contributors/devel/sig-architecture/api-conventions.md#types-kinds'
            type: string
          metadata:
            type: object
          spec:
            type: object
            required:
            - bar
            - foo
            properties:
              bar:
                description: foo contains foo.
                type: string
              foo:
                description: foo contains foo.
                type: string
